mads 2.0.7
Source: E:\_8BitProjects\Series\Scroller\Constants.Asm
     1 				;
     2 				;***************************************************************************************************
     3 				;
     4 				;	Filename:		Constants.Asm
     5 				;
     6 				;	Modified On:	Thur Apr 26, 2018 01:12 PM
     7 				;
     8 				;	Comments:		Portions of this code taken from NRV's OPEN_PLAT project and
     9 				;					Ken Jennings C64 to Atari MLP and also from WUDSN Tutorials.
    10 				;				
    11 				;***************************************************************************************************
    12 				;
    13 				;**************************************************************************************************
    14 				; Constants
    15 				;
    16 				; remember, when going from NTSC to PAL:
    17 				;
    18 				; 	colors - 1 (same lum) .. here only color 7 (water blue) was left equal times multiplied by (5/6)
    19 				; 	speeds and accelerations multiplied by (6/5) .. maybe accelerations requires another adjustment
    20 				; 	some animations speed maybe should not (cannot) be converted, if they are not related to gameplay
    21 				; 		(for example the timing for the laser enabled/disabled states was converted)
    22 				; 	also, one extra precison byte (_L2) could be useful to get a better conversion in some cases
    23 				;
    24 				;**************************************************************************************************
    25 				;
    26 = 0001			DEBUG_ON					= 1
    27
    28 = 0000			GAME_MEM					= GameMemoryAddress			; used in Camera.Asm. Must set this for camera to work			
    29 = 0000			GAME_LMS1					= GameDspLstAddr+3			; used in Camera.Asm. Must set this for camera to work
    30
    31 = 0008			PLR_WIDTH					= 8							; must set this for player to work
    32 = 0015			PLR_HEIGHT					= 21						; must set this for player to work
    33
    34 				;*****	Music and Sound constants 
    35 = 0000			STEREOMODE					= 0
    36
    37 = 0000			MUSIC_MENU 					= 0
    38 = 000B			MUSIC_GAME 					= $0B
    39 = 000E			MUSIC_GAME_OVER 			= $0E
    40 = 0010			MUSIC_DUMMY 				= $10
    41
    42 = 0001			SFX_DIAMOND 				= 1
    43 = 000C			SFX_ALL_PICKED 				= 12
    44 = 000E			SFX_DEATH 					= 14
    45 = 0010			SFX_CONGRATULATIONS 		= 16
    46 = 0004			SFX_JUMP 					= 4
    47
    48 				;*****	Open Plat constants
    49 				;
    50 = 0000			PAL_VERSION					= 0
    51
    52 = 0028			MAX_ROWS					= 40
    53
    54 = 0004			CHAR_PIX.else_X				= 4
    55 = 0008			CHAR_PIX.else_Y				= 8
    56
    57 = 0052			LEVEL_CHAR_SIZE_X			= 82				; max level size now should be 256 x 255 lines	
    58 = 0018			LEVEL_CHAR_SIZE_Y			= 24
    59
    60 = 0028			WINDOW_CHAR_SIZE_X			= 40
    61 = 0018			WINDOW_CHAR_SIZE_Y			= 24
    62
    63 = 0030			PM_BASE_SCREEN_X			= 48
    64 = 0020			PM_BASE_SCREEN_Y			= 32
    65
    66 = 0000			PSD_NONE					= 0					; player side direction
    67 = 0001			PSD_RIGHT					= 1
    68 = 0002			PSD_LEFT					= 2
    69
    70 = 0000			PS_STATIC					= 0					; player states
    71 = 0001			PS_OVER_PLATFORM			= 1
    72 = 0002			PS_JUMPING					= 2
    73 = 0003			PS_FALLING					= 3
    74 = 0004			PS_CLIMBING					= 4
    75 = 0005			PS_IN_WATER					= 5
    76 = 0006			PS_GRAVITY_TEST				= 6
    77 = 0007			PS_LOSE						= 7
    78
    79 = 0000			CT_BLANK					= 0					; character types
    80 = 0001			CT_BLOCK					= 1
    81 = 0002			CT_COLLECTABLE				= 2
    82 = 0003			CT_DANGER					= 3
    83 = 0004			CT_LADDER					= 4
    84 = 0005			CT_WATER					= 5
    85 = 0006			CT_HEALTH					= 6
    86 = 0007			CT_FLOATPLATFORMH			= 7
    87 = 0008			CT_VLASER					= 8
    88 = 0009			CT_FLOATPLATFORMV			= 9
    89 = 000A			CT_HLASER					= 10
    90
    91 = 0000			TS_NOT_PRESSED				= 0					; trigger states
    92 = 0000			TS_JUST_RELEASED			= 0
    93 = 0000			TS_PRESSED					= 0
    94 = 0000			TS_JUST_PRESSED				= 0
    95
    96 = 0020			ENEMY_SHOOT_DELTA_Y			= 32
    97
    98 				;*****	Set these constants depending on TV system
    99 				; 
   100 				.if PAL_VERSION = 0
   101
   102 = 0006				TENTH_OF_SECOND_FRAMES	= 6
   103 = 0001				MINIMUM_CAMERA_STEP		= 1
   104 = 0008				JUMP_HOLD_FRAMES		= 8
   105 = 0040				JUMP_HSPEED_SLOWDOWN	= 64
   106 = 001E				WATER_NO_JUMP_FRAMES	= 30
   107
   108 = 0001				SIDE_SPEED_LAND_H1		= 1					; 001.160 --> 97.5 pixels per second (at 60 fps only!)
   109 = 0001				SIDE_SPEED_LAND_L1		= 1 ;64
   110 					
   111 = 0000				SIDE_ACCEL_LAND_H1		= 0					; 6 frames (at 60 fps only!) or 0.x seconds, to reach max speed
   112 = 0020				SIDE_ACCEL_LAND_L1		= 32
   113 					
   114 = 0000				SIDE_DEACCEL_LAND_H1	= 0					; 3 frames (at 60 fps only!) or 0.x seconds, to reach zero speed
   115 = 0080				SIDE_DEACCEL_LAND_L1	= 128
   116
   117 = 0000				SIDE_SPEED_WATER_H1		= 0
   118 = 0080				SIDE_SPEED_WATER_L1		= 128
   119
   120 = 0000				SIDE_ACCEL_WATER_H1		= 0					; _ frames (at 60 fps only!) or _ seconds, to reach max speed
   121 = 0004				SIDE_ACCEL_WATER_L1		= 4
   122
   123 = 0000				SIDE_DEACCEL_WATER_H1	= 0					; _ frames (at 60 fps only!) or _ seconds, to reach zero speed
   124 = 0004				SIDE_DEACCEL_WATER_L1	= 4
   125
   126 = 0001				SIDE_SPEED_AIR_H1		= 1					; 001.120 --> 88.125 pixels per second (at 60 fps only!)
   127 = 0020				SIDE_SPEED_AIR_L1		= 32
   128
   129 = 0000				SIDE_ACCEL_AIR_H1		= 0					; 17.3 frames (at 60 fps only!) or 0.288 seconds, to reach max speed
   130 = 0010				SIDE_ACCEL_AIR_L1		= 16
   131
   132 = 0000				SIDE_DEACCEL_AIR_H1		= 0					; 17.3 frames (at 60 fps only!) or 0.288 seconds, to reach zero speed
   133 = 0010				SIDE_DEACCEL_AIR_L1		= 16
   134
   135 = 0000				CLIMB_UP_SPEED_Y_H1		= 0
   136 = 00E0				CLIMB_UP_SPEED_Y_L1		= 224
   137
   138 = 0001				CLIMB_DOWN_SPEED_Y_H1	= 1
   139 = 0080				CLIMB_DOWN_SPEED_Y_L1	= 128
   140
   141 = 0280				PLAYER_MISSILE_SPEED_X	= 2*256+128
   142 = 0200				ENEMY_MISSILE_SPEED_X	= 2*256
   143 = 0078				ENEMY_INIT_TIMER		= 120
   144 = 003C				VLASER_DISABLED_INDEX	= 60
   145
   146 				.else
   147
   148 					TENTH_OF_SECOND_FRAMES	= 5
   149 					MINIMUM_CAMERA_STEP		= 1
   150 					JUMP_HOLD_FRAMES		= 6					; 6.67 for pal
   151 					JUMP_HSPEED_SLOWDOWN	= 77
   152 					WATER_NO_JUMP_FRAMES	= 25
   153
   154 					SIDE_SPEED_LAND_H1		= 1					;  pixels per second (at 50 fps only!)
   155 					SIDE_SPEED_LAND_L1		= 128
   156
   157 					SIDE_ACCEL_LAND_H1		= 0					;  frames (at 50 fps only!) or 0.x seconds, to reach max speed
   158 					SIDE_ACCEL_LAND_L1		= 38
   159
   160 					SIDE_DEACCEL_LAND_H1	= 0					;  frames (at 50 fps only!) or 0.x seconds, to reach zero speed
   161 					SIDE_DEACCEL_LAND_L1	= 154
   162
   163 					SIDE_SPEED_WATER_H1		= 0
   164 					SIDE_SPEED_WATER_L1		= 154
   165
   166 					SIDE_ACCEL_WATER_H1		= 0					; _ frames (at 50 fps only!) or _ seconds, to reach max speed
   167 					SIDE_ACCEL_WATER_L1		= 5
   168
   169 					SIDE_DEACCEL_WATER_H1	= 0					; _ frames (at 50 fps only!) or _ seconds, to reach zero speed
   170 					SIDE_DEACCEL_WATER_L1	= 5
   171
   172 					SIDE_SPEED_AIR_H1		= 1					;  pixels per second (at 50 fps only!)
   173 					SIDE_SPEED_AIR_L1		= 90
   174 					
   175 					SIDE_ACCEL_AIR_H1		= 0					;  frames (at 50 fps only!) or  seconds, to reach max speed
   176 					SIDE_ACCEL_AIR_L1		= 19
   177
   178 					SIDE_DEACCEL_AIR_H1		= 0					;  frames (at 50 fps only!) or  seconds, to reach zero speed
   179 					SIDE_DEACCEL_AIR_L1		= 19
   180
   181 					CLIMB_UP_SPEED_Y_H1		= 1
   182 					CLIMB_UP_SPEED_Y_L1		= 13
   183
   184 					CLIMB_DOWN_SPEED_Y_H1	= 1
   185 					CLIMB_DOWN_SPEED_Y_L1	= 205
   186
   187 					PLAYER_MISSILE_SPEED_X	= 3*256
   188 					ENEMY_MISSILE_SPEED_X	= 2*256+104
   189 					ENEMY_INIT_TIMER		= 100
   190 					VLASER_DISABLED_INDEX	= 50
   191
   192 				.endif
   193
   194 				;*****	Register bit settings
   195 				;
   196 = 0000			GRACTL_OPTIONS				= [ENABLE_MISSILES 	| ENABLE_PLAYERS]
   197 = 0000			PRIOR_OPTIONS				= [PM_PRIORITY_1   	| F.ifH_PLAYER        			| MULTICOLOR_PM]	
   198 = 0000			DMACTL_OPTIONS				= [ENABLE_DL_DMA 	| PLAYFIELD_WIDTH_NORMAL_MASK 	| ENABLE_PM_DMA 	| PM_1LINE_RESOLUTION] 
   199
   200 				;*****	Player missle address definitions
   201 				;
   202 = 0000			ms_area_1 					= PmgAddress + $0300
   203 = 0000			p0_area_1 					= PmgAddress + $0400
   204 = 0000			p1_area_1 					= PmgAddress + $0500
   205 = 0000			p2_area_1 					= PmgAddress + $0600
   206 = 0000			p3_area_1 					= PmgAddress + $0700
   207
